Future Technology Devices International Limited (c) 2007-2010, All Rights Reserved


CPU_CORE =   VC2, CPU_RAM_SIZE= 16 KB, CPU_ROM_SIZE=256 KB

Linker Version  = V1.0.1 Loader Version =  V1.0.1
Tue May 12 13:16:00 2015


=================================================================================================================

SEGMENT_MAP    
=================================================================================================================

Start Address                  Segment Name                   Segment Size
=================================================================================================================

0003c0 .text                          0000015ab3
015e73 .dataFlash                     000000030d
000000 .dataRAM                       000000030d
00030d .bss                           0000000493
0007a0 .HeapRAM                       000000345e

=================================================================================================================

SYMBOL_TABLE   
=================================================================================================================

SYM ADDRESS PUBLIC SYM NAME                SYM TYPE   MEM TYPE FILE NAME            SYM SIZE  
NOTE:L=LABEL F=FUNCTION 0=FLASH and 1=RAM
=================================================================================================================

0043a main                           F              0 USBHostHID2.obj      00194
005ce usbhost_connect_state          F              0 USBHostHID2.obj      000b6
00684 open_drivers                   F              0 USBHostHID2.obj      0002f
006b3 attach_drivers                 F              0 USBHostHID2.obj      00001
006b4 close_drivers                  F              0 USBHostHID2.obj      00015
006c9 message                        F              0 USBHostHID2.obj      00001
006ca number                         F              0 USBHostHID2.obj      00001
006cb D_number                       F              0 USBHostHID2.obj      00028
006f3 USB_thread                     F              0 USBHostHID2.obj      0340d
03b00 PS2_thread                     F              0 USBHostHID2.obj      00138
0030d ReportID_MS                    L              1 USBHostHID2.obj      00028
00335 hid_parser                     L              1 USBHostHID2.obj      00100
00435 ReportID_tbl                   L              1 USBHostHID2.obj      00028
0045d max_ReportID                   L              1 USBHostHID2.obj      00001
0045e hc_iocb_class                  L              1 USBHostHID2.obj      00003
00461 pDATA                          L              1 USBHostHID2.obj      00002
00463 hUsb                           L              1 USBHostHID2.obj      00004
00467 hid_parce_data                 L              1 USBHostHID2.obj      00047
004ae MS_OK                          L              1 USBHostHID2.obj      00001
004af hUART                          L              1 USBHostHID2.obj      00002
004b1 Xpos                           L              1 USBHostHID2.obj      00004
004b5 Ypos                           L              1 USBHostHID2.obj      00004
004b9 PS2_MS                         L              1 USBHostHID2.obj      0000e
004c7 ifInfo                         L              1 USBHostHID2.obj      00007
004ce pParser                        L              1 USBHostHID2.obj      00002
004d0 hUSBHOST_1                     L              1 USBHostHID2.obj      00002
004d2 hUSBHOST_2                     L              1 USBHostHID2.obj      00002
004d4 hid_data                       L              1 USBHostHID2.obj      00047
0051b hid_path                       L              1 USBHostHID2.obj      00029
00544 sem_list                       L              1 USBHostHID2.obj      00002
00546 hid_Bdata                      L              1 USBHostHID2.obj      00047
0058d hid_Wdata                      L              1 USBHostHID2.obj      00047
005d4 hid_Xdata                      L              1 USBHostHID2.obj      00047
0061b hid_Ydata                      L              1 USBHostHID2.obj      00047
00662 tcbFIRMWARE                    L              1 USBHostHID2.obj      00002
00664 phid_data                      L              1 USBHostHID2.obj      00002
00666 hGPIO_PORT_A                   L              1 USBHostHID2.obj      00002
00668 phid_Bdata                     L              1 USBHostHID2.obj      00002
0066a phid_Wdata                     L              1 USBHostHID2.obj      00002
0066c phid_Xdata                     L              1 USBHostHID2.obj      00002
0066e phid_Ydata                     L              1 USBHostHID2.obj      00002
10f55 iomux_setup                    F              0 USBHostHID2_iomux.obj 000c8
1101d ResetParser                    F              0 hidparser.obj        00266
11283 ResetLocalState                F              0 hidparser.obj        00065
112e8 GetReportOffset                F              0 hidparser.obj        003c4
116ac FormatValue                    F              0 hidparser.obj        0004e
116fa HIDParse                       F              0 hidparser.obj        02bf4
142ee GetValue                       F              0 hidparser.obj        002c9
145b7 GetValueXY                     F              0 hidparser.obj        003e8
1499f ReportID_DataLength            F              0 hidparser.obj        000bf
14a5e ReportID_Offset                F              0 hidparser.obj        000bf
14b1d FindReport_max_ID              F              0 hidparser.obj        000b8
14bd5 FindMouse_XYW                  F              0 hidparser.obj        0013a
14d0f FindMouse_Buttons              F              0 hidparser.obj        00219
002c8 eol                            L              1 hidparser.obj        00002
002cd ItemSize                       L              1 hidparser.obj        00004
14f28 PS2dev_init                    F              0 ps2dev.obj           0001d
14f45 LED_ON                         F              0 ps2dev.obj           00024
14f69 LED_OFF                        F              0 ps2dev.obj           00024
14f8d delayMicroseconds              F              0 ps2dev.obj           00001
14f8e golo                           F              0 ps2dev.obj           00031
14fbf gohi                           F              0 ps2dev.obj           00041
15000 digitalRead                    F              0 ps2dev.obj           00054
15054 PS2dev_host_req                F              0 ps2dev.obj           00037
1508b PS2dev_write                   F              0 ps2dev.obj           00172
151fd PS2dev_read                    F              0 ps2dev.obj           0018f
0079e port_data                      L              1 ps2dev.obj           00001
0079f port_mode                      L              1 ps2dev.obj           00001
1538c PS2_mouse_init                 F              0 ps2_mouse.obj        001bb
15547 ack                            F              0 ps2_mouse.obj        00018
1555f MS_wr_packet                   F              0 ps2_mouse.obj        00578
15ad7 MS_cmd                         F              0 ps2_mouse.obj        0039c
